// Jest Snapshot v1, https://goo.gl/fbAQLP

exports[`Gift it renders correctly 1`] = `
ShallowWrapper {
  Symbol(enzyme.__root__): [Circular],
  Symbol(enzyme.__unrendered__): <Gift
    gift={
      Object {
        "id": 1,
        "person": "",
        "present": "",
      }
    }
    onRemoveGift={[MockFunction]}
  />,
  Symbol(enzyme.__renderer__): Object {
    "batchedUpdates": [Function],
    "getNode": [Function],
    "render": [Function],
    "simulateError": [Function],
    "simulateEvent": [Function],
    "unmount": [Function],
  },
  Symbol(enzyme.__node__): Object {
    "instance": null,
    "key": undefined,
    "nodeType": "host",
    "props": Object {
      "children": <Form
        bsClass="form"
        componentClass="form"
        horizontal={false}
        inline={false}
      >
        <FormGroup
          bsClass="form-group"
        >
          <ControlLabel
            bsClass="control-label"
            srOnly={false}
          >
            Person
          </ControlLabel>
          <FormControl
            bsClass="form-control"
            className="input-person"
            componentClass="input"
            onChange={[Function]}
            value=""
          />
        </FormGroup>
        <FormGroup
          bsClass="form-group"
        >
          <ControlLabel
            bsClass="control-label"
            srOnly={false}
          >
            Present
          </ControlLabel>
          <FormControl
            bsClass="form-control"
            className="input-present"
            componentClass="input"
            onChange={[Function]}
            value=""
          />
        </FormGroup>
        <FormGroup
          bsClass="form-group"
        >
          <Button
            active={false}
            block={false}
            bsClass="btn"
            bsStyle="default"
            className="btn-remove-gift"
            disabled={false}
            onClick={[Function]}
          >
            Delete
          </Button>
        </FormGroup>
      </Form>,
    },
    "ref": null,
    "rendered": Object {
      "instance": null,
      "key": undefined,
      "nodeType": "class",
      "props": Object {
        "bsClass": "form",
        "children": Array [
          <FormGroup
            bsClass="form-group"
          >
            <ControlLabel
              bsClass="control-label"
              srOnly={false}
            >
              Person
            </ControlLabel>
            <FormControl
              bsClass="form-control"
              className="input-person"
              componentClass="input"
              onChange={[Function]}
              value=""
            />
          </FormGroup>,
          <FormGroup
            bsClass="form-group"
          >
            <ControlLabel
              bsClass="control-label"
              srOnly={false}
            >
              Present
            </ControlLabel>
            <FormControl
              bsClass="form-control"
              className="input-present"
              componentClass="input"
              onChange={[Function]}
              value=""
            />
          </FormGroup>,
          <FormGroup
            bsClass="form-group"
          >
            <Button
              active={false}
              block={false}
              bsClass="btn"
              bsStyle="default"
              className="btn-remove-gift"
              disabled={false}
              onClick={[Function]}
            >
              Delete
            </Button>
          </FormGroup>,
        ],
        "componentClass": "form",
        "horizontal": false,
        "inline": false,
      },
      "ref": null,
      "rendered": Array [
        Object {
          "instance": null,
          "key": undefined,
          "nodeType": "class",
          "props": Object {
            "bsClass": "form-group",
            "children": Array [
              <ControlLabel
                bsClass="control-label"
                srOnly={false}
              >
                Person
              </ControlLabel>,
              <FormControl
                bsClass="form-control"
                className="input-person"
                componentClass="input"
                onChange={[Function]}
                value=""
              />,
            ],
          },
          "ref": null,
          "rendered": Array [
            Object {
              "instance": null,
              "key": undefined,
              "nodeType": "class",
              "props": Object {
                "bsClass": "control-label",
                "children": "Person",
                "srOnly": false,
              },
              "ref": null,
              "rendered": "Person",
              "type": [Function],
            },
            Object {
              "instance": null,
              "key": undefined,
              "nodeType": "class",
              "props": Object {
                "bsClass": "form-control",
                "className": "input-person",
                "componentClass": "input",
                "onChange": [Function],
                "value": "",
              },
              "ref": null,
              "rendered": null,
              "type": [Function],
            },
          ],
          "type": [Function],
        },
        Object {
          "instance": null,
          "key": undefined,
          "nodeType": "class",
          "props": Object {
            "bsClass": "form-group",
            "children": Array [
              <ControlLabel
                bsClass="control-label"
                srOnly={false}
              >
                Present
              </ControlLabel>,
              <FormControl
                bsClass="form-control"
                className="input-present"
                componentClass="input"
                onChange={[Function]}
                value=""
              />,
            ],
          },
          "ref": null,
          "rendered": Array [
            Object {
              "instance": null,
              "key": undefined,
              "nodeType": "class",
              "props": Object {
                "bsClass": "control-label",
                "children": "Present",
                "srOnly": false,
              },
              "ref": null,
              "rendered": "Present",
              "type": [Function],
            },
            Object {
              "instance": null,
              "key": undefined,
              "nodeType": "class",
              "props": Object {
                "bsClass": "form-control",
                "className": "input-present",
                "componentClass": "input",
                "onChange": [Function],
                "value": "",
              },
              "ref": null,
              "rendered": null,
              "type": [Function],
            },
          ],
          "type": [Function],
        },
        Object {
          "instance": null,
          "key": undefined,
          "nodeType": "class",
          "props": Object {
            "bsClass": "form-group",
            "children": <Button
              active={false}
              block={false}
              bsClass="btn"
              bsStyle="default"
              className="btn-remove-gift"
              disabled={false}
              onClick={[Function]}
            >
              Delete
            </Button>,
          },
          "ref": null,
          "rendered": Object {
            "instance": null,
            "key": undefined,
            "nodeType": "class",
            "props": Object {
              "active": false,
              "block": false,
              "bsClass": "btn",
              "bsStyle": "default",
              "children": "Delete",
              "className": "btn-remove-gift",
              "disabled": false,
              "onClick": [Function],
            },
            "ref": null,
            "rendered": "Delete",
            "type": [Function],
          },
          "type": [Function],
        },
      ],
      "type": [Function],
    },
    "type": "div",
  },
  Symbol(enzyme.__nodes__): Array [
    Object {
      "instance": null,
      "key": undefined,
      "nodeType": "host",
      "props": Object {
        "children": <Form
          bsClass="form"
          componentClass="form"
          horizontal={false}
          inline={false}
        >
          <FormGroup
            bsClass="form-group"
          >
            <ControlLabel
              bsClass="control-label"
              srOnly={false}
            >
              Person
            </ControlLabel>
            <FormControl
              bsClass="form-control"
              className="input-person"
              componentClass="input"
              onChange={[Function]}
              value=""
            />
          </FormGroup>
          <FormGroup
            bsClass="form-group"
          >
            <ControlLabel
              bsClass="control-label"
              srOnly={false}
            >
              Present
            </ControlLabel>
            <FormControl
              bsClass="form-control"
              className="input-present"
              componentClass="input"
              onChange={[Function]}
              value=""
            />
          </FormGroup>
          <FormGroup
            bsClass="form-group"
          >
            <Button
              active={false}
              block={false}
              bsClass="btn"
              bsStyle="default"
              className="btn-remove-gift"
              disabled={false}
              onClick={[Function]}
            >
              Delete
            </Button>
          </FormGroup>
        </Form>,
      },
      "ref": null,
      "rendered": Object {
        "instance": null,
        "key": undefined,
        "nodeType": "class",
        "props": Object {
          "bsClass": "form",
          "children": Array [
            <FormGroup
              bsClass="form-group"
            >
              <ControlLabel
                bsClass="control-label"
                srOnly={false}
              >
                Person
              </ControlLabel>
              <FormControl
                bsClass="form-control"
                className="input-person"
                componentClass="input"
                onChange={[Function]}
                value=""
              />
            </FormGroup>,
            <FormGroup
              bsClass="form-group"
            >
              <ControlLabel
                bsClass="control-label"
                srOnly={false}
              >
                Present
              </ControlLabel>
              <FormControl
                bsClass="form-control"
                className="input-present"
                componentClass="input"
                onChange={[Function]}
                value=""
              />
            </FormGroup>,
            <FormGroup
              bsClass="form-group"
            >
              <Button
                active={false}
                block={false}
                bsClass="btn"
                bsStyle="default"
                className="btn-remove-gift"
                disabled={false}
                onClick={[Function]}
              >
                Delete
              </Button>
            </FormGroup>,
          ],
          "componentClass": "form",
          "horizontal": false,
          "inline": false,
        },
        "ref": null,
        "rendered": Array [
          Object {
            "instance": null,
            "key": undefined,
            "nodeType": "class",
            "props": Object {
              "bsClass": "form-group",
              "children": Array [
                <ControlLabel
                  bsClass="control-label"
                  srOnly={false}
                >
                  Person
                </ControlLabel>,
                <FormControl
                  bsClass="form-control"
                  className="input-person"
                  componentClass="input"
                  onChange={[Function]}
                  value=""
                />,
              ],
            },
            "ref": null,
            "rendered": Array [
              Object {
                "instance": null,
                "key": undefined,
                "nodeType": "class",
                "props": Object {
                  "bsClass": "control-label",
                  "children": "Person",
                  "srOnly": false,
                },
                "ref": null,
                "rendered": "Person",
                "type": [Function],
              },
              Object {
                "instance": null,
                "key": undefined,
                "nodeType": "class",
                "props": Object {
                  "bsClass": "form-control",
                  "className": "input-person",
                  "componentClass": "input",
                  "onChange": [Function],
                  "value": "",
                },
                "ref": null,
                "rendered": null,
                "type": [Function],
              },
            ],
            "type": [Function],
          },
          Object {
            "instance": null,
            "key": undefined,
            "nodeType": "class",
            "props": Object {
              "bsClass": "form-group",
              "children": Array [
                <ControlLabel
                  bsClass="control-label"
                  srOnly={false}
                >
                  Present
                </ControlLabel>,
                <FormControl
                  bsClass="form-control"
                  className="input-present"
                  componentClass="input"
                  onChange={[Function]}
                  value=""
                />,
              ],
            },
            "ref": null,
            "rendered": Array [
              Object {
                "instance": null,
                "key": undefined,
                "nodeType": "class",
                "props": Object {
                  "bsClass": "control-label",
                  "children": "Present",
                  "srOnly": false,
                },
                "ref": null,
                "rendered": "Present",
                "type": [Function],
              },
              Object {
                "instance": null,
                "key": undefined,
                "nodeType": "class",
                "props": Object {
                  "bsClass": "form-control",
                  "className": "input-present",
                  "componentClass": "input",
                  "onChange": [Function],
                  "value": "",
                },
                "ref": null,
                "rendered": null,
                "type": [Function],
              },
            ],
            "type": [Function],
          },
          Object {
            "instance": null,
            "key": undefined,
            "nodeType": "class",
            "props": Object {
              "bsClass": "form-group",
              "children": <Button
                active={false}
                block={false}
                bsClass="btn"
                bsStyle="default"
                className="btn-remove-gift"
                disabled={false}
                onClick={[Function]}
              >
                Delete
              </Button>,
            },
            "ref": null,
            "rendered": Object {
              "instance": null,
              "key": undefined,
              "nodeType": "class",
              "props": Object {
                "active": false,
                "block": false,
                "bsClass": "btn",
                "bsStyle": "default",
                "children": "Delete",
                "className": "btn-remove-gift",
                "disabled": false,
                "onClick": [Function],
              },
              "ref": null,
              "rendered": "Delete",
              "type": [Function],
            },
            "type": [Function],
          },
        ],
        "type": [Function],
      },
      "type": "div",
    },
  ],
  Symbol(enzyme.__options__): Object {
    "adapter": ReactSixteenAdapter {
      "options": Object {
        "enableComponentDidUpdateOnSetState": true,
        "lifecycles": Object {
          "componentDidUpdate": Object {
            "onSetState": true,
          },
          "getDerivedStateFromProps": true,
          "getSnapshotBeforeUpdate": true,
          "setState": Object {
            "skipsComponentDidUpdateOnNullish": true,
          },
        },
      },
    },
    "attachTo": undefined,
    "disableLifecycleMethods": true,
    "hydrateIn": undefined,
  },
}
`;
